
## /data/mt/trees/bbg_world_ML.treefile | tips: 102 
BBG tips found: 22 
BBG monophyletic: TRUE 
Non-BBG tips inside the BBG MRCA clade: 80 
 [1] "AY488491.1"  "AY676859.1"  "DQ124418.1"  "DQ124398.1"  "KF938326.1" 
 [6] "KF938328.1"  "KF938352.1"  "KF938353.1"  "KF938327.1"  "KR059226.1" 
[11] "KR059222.1"  "KR059224.1"  "KR059225.1"  "KM998968.1"  "MW563732.1" 
[16] "KP231536.1"  "KR059185.1"  "KP677509.1"  "KP195268.1"  "KP677511.1" 
[21] "KM360063.1"  "KR059165.1"  "KR059168.1"  "KR059169.1"  "KR059167.1" 
[26] "KR059166.1"  "KR059202.1"  "KR059174.1"  "MZ073671.1"  "KR059157.1" 
[31] "KR059164.1"  "KR059158.1"  "KR059159.1"  "KR059160.1"  "KR059161.1" 
[36] "KY305183.1"  "GU068049.1"  "KR059200.1"  "KR059201.1"  "KR059171.1" 
[41] "KR059172.1"  "KR059176.1"  "KR059170.1"  "KR059187.1"  "KR059197.1" 
[46] "KR059173.1"  "KR059190.1"  "KR059194.1"  "KR059195.1"  "KR059193.1" 
[51] "KR059196.1"  "KR059188.1"  "KR059191.1"  "KR059192.1"  "KR059186.1" 
[56] "KR059183.1"  "KR059184.1"  "MK234705.1"  "KR059175.1"  "KR059198.1" 
[61] "KR059147.1"  "KR059149.1"  "KR059148.1"  "KR059150.1"  "KR059151.1" 
[66] "KR059189.1"  "KR059199.1"  "KR059210.1"  "KR059211.1"  "KR059212.1" 
[71] "KR059215.1"  "KP677508.1"  "KR059217.1"  "KR059216.1"  "KF952601.1" 
[76] "KR059220.1"  "KP677510.1"  "MK341077.1"  "PX574372.1"  "NC_005044.2"
Closest references (min patristic distance):
 KP677510.1  KR059199.1 NC_005044.2  MK341077.1  KR059186.1  PX574372.1 
    0.00548     0.00550     0.00554     0.00558     0.00559     0.00564 

## /home/gmbluser/mt_remap/trees_v7/world_nomoth.treefile | tips: 101 
BBG tips found: 22 
BBG monophyletic: FALSE 
Non-BBG tips inside the BBG MRCA clade: 79 
 [1] "MK234705.1"  "KR059201.1"  "KR059189.1"  "KR059200.1"  "KR059157.1" 
 [6] "KR059161.1"  "KR059158.1"  "KR059159.1"  "KR059160.1"  "KR059164.1" 
[11] "KY305183.1"  "GU068049.1"  "KR059183.1"  "KR059184.1"  "AY488491.1" 
[16] "AY676859.1"  "DQ124398.1"  "DQ124418.1"  "KF938326.1"  "KF938328.1" 
[21] "KF938352.1"  "KF938353.1"  "KF938327.1"  "KR059226.1"  "KR059222.1" 
[26] "KR059224.1"  "KR059225.1"  "KF952601.1"  "KR059220.1"  "MK341077.1" 
[31] "KP677510.1"  "PX574372.1"  "NC_005044.2" "KR059215.1"  "KR059217.1" 
[36] "KR059216.1"  "KR059210.1"  "KR059211.1"  "KR059212.1"  "KR059171.1" 
[41] "KR059172.1"  "KR059173.1"  "KR059170.1"  "KR059187.1"  "KR059197.1" 
[46] "KR059176.1"  "KR059190.1"  "KR059194.1"  "KR059195.1"  "KR059193.1" 
[51] "KR059196.1"  "KR059188.1"  "KR059191.1"  "KR059192.1"  "KR059186.1" 
[56] "KR059147.1"  "KR059149.1"  "KR059148.1"  "KR059150.1"  "KR059151.1" 
[61] "KR059175.1"  "KR059198.1"  "KR059165.1"  "KR059168.1"  "KR059167.1" 
[66] "KR059169.1"  "KR059166.1"  "KR059202.1"  "KR059174.1"  "KM998968.1" 
[71] "MW563732.1"  "KP231536.1"  "KP677509.1"  "KM360063.1"  "KP195268.1" 
[76] "KP677511.1"  "KR059185.1"  "KR059199.1"  "MZ073671.1" 
Closest references (min patristic distance):
KR059186.1 KR059196.1 KR059149.1 KR059190.1 KR059193.1 GU068049.1 
   0.00062    0.00080    0.00098    0.00099    0.00099    0.00100 
