 animal    nearest    dist   
 116f      KR059186.1 0.00062
 189f      KR059186.1 0.00157
 1buck_m_  KR059186.1 0.00118
 2183f     KR059186.1 0.00144
 246f      KR059186.1 0.00090
 2869f     KR059186.1 0.00144
 3237m     GU068049.1 0.00100
 369m      KR059186.1 0.00110
 4_Female  KR059186.1 0.00156
 4lb__f_   KR059186.1 0.00103
 584f      KR059186.1 0.00130
 7ps__f_   KR059186.1 0.00097
 803m      KR059186.1 0.00091
 814m      KR059186.1 0.00091
 836m      KR059186.1 0.00124
 849m      KR059186.1 0.00157
 855m      KR059186.1 0.00109
 9ks__f_   KR059186.1 0.00103
 Bk_6__m_  KR059186.1 0.00169
 Hir_13_m_ KR059186.1 0.00108
 Hir_5f    KR059186.1 0.00091
 Kh_5__m_  KR059186.1 0.00097
 desc                                                                       
 Capra hircus isolate 42_Ch22 haplogroup A mitochondrion, complete genome   
 Capra hircus isolate 42_Ch22 haplogroup A mitochondrion, complete genome   
 Capra hircus isolate 42_Ch22 haplogroup A mitochondrion, complete genome   
 Capra hircus isolate 42_Ch22 haplogroup A mitochondrion, complete genome   
 Capra hircus isolate 42_Ch22 haplogroup A mitochondrion, complete genome   
 Capra hircus isolate 42_Ch22 haplogroup A mitochondrion, complete genome   
 Capra hircus breed Inner Mongolia White Cashmere mitochondrion, complete ge
 Capra hircus isolate 42_Ch22 haplogroup A mitochondrion, complete genome   
 Capra hircus isolate 42_Ch22 haplogroup A mitochondrion, complete genome   
 Capra hircus isolate 42_Ch22 haplogroup A mitochondrion, complete genome   
 Capra hircus isolate 42_Ch22 haplogroup A mitochondrion, complete genome   
 Capra hircus isolate 42_Ch22 haplogroup A mitochondrion, complete genome   
 Capra hircus isolate 42_Ch22 haplogroup A mitochondrion, complete genome   
 Capra hircus isolate 42_Ch22 haplogroup A mitochondrion, complete genome   
 Capra hircus isolate 42_Ch22 haplogroup A mitochondrion, complete genome   
 Capra hircus isolate 42_Ch22 haplogroup A mitochondrion, complete genome   
 Capra hircus isolate 42_Ch22 haplogroup A mitochondrion, complete genome   
 Capra hircus isolate 42_Ch22 haplogroup A mitochondrion, complete genome   
 Capra hircus isolate 42_Ch22 haplogroup A mitochondrion, complete genome   
 Capra hircus isolate 42_Ch22 haplogroup A mitochondrion, complete genome   
 Capra hircus isolate 42_Ch22 haplogroup A mitochondrion, complete genome   
 Capra hircus isolate 42_Ch22 haplogroup A mitochondrion, complete genome   

BBG-vs-BBG max patristic distance: 0.0025 
